// Jest Snapshot v1, https://goo.gl/fbAQLP

exports[`Icon renders default Icon 1`] = `null`;
