// Jest Snapshot v1, https://goo.gl/fbAQLP

exports[`Index exports,   if a EDS component was recently added or removed, fix index then update snapshots 1`] = `
Array [
  "OptionButton",
  "Colors",
  "FormDynamic",
  "FormPrefilled",
  "Images",
  "InputLabel",
  "RadioButtons",
  "Type",
  "FancyAnimatedLogo",
  "TransformingBurgerButton",
  "ethos-logo-black",
  "ethos-logo-white",
  "fancy-e",
  "fancy-h",
  "fancy-o",
  "fancy-s",
  "fancy-t",
]
`;
