// Jest Snapshot v1, https://goo.gl/fbAQLP

exports[`PasswordInput default rendering 1`] = `
Array [
  <label
    className="Caption Theinhardt Medium500 GrayPrimary AllCaps"
    htmlFor="password-example"
  >
    Password
  </label>,
  <div
    className="Spacer"
    style={
      Object {
        "height": 8,
      }
    }
  />,
  <input
    className="TextInput"
    data-tid="the-password-input"
    name="password-example"
    onBlur={[Function]}
    onChange={[Function]}
    onPaste={[Function]}
    type="password"
    value=""
  />,
  "",
]
`;
