// Jest Snapshot v1, https://goo.gl/fbAQLP

exports[`IconLink renders default IconLink 1`] = `
<a
  className="iconContainerClasses"
  href="#"
  onClick={[Function]}
  target="_self"
>
  <span
    className="linkClassName"
  >
    Completed
  </span>
</a>
`;
