// Jest Snapshot v1, https://goo.gl/fbAQLP

exports[`Tooltip rendering component default 1`] = `
<div
  className="root block"
>
  <div
    className="icon"
    onClick={[Function]}
    onMouseOut={[Function]}
    onMouseOver={[Function]}
  >
    <svg
      fill="none"
      height="16"
      viewBox="0 0 16 16"
      width="16"
      xmlns="http://www.w3.org/2000/svg"
    >
      <path
        d="M8.00064 1.33203C4.32065 1.33203 1.33398 4.31869 1.33398 7.99868C1.33398 11.6787 4.32065 14.6653 8.00064 14.6653C11.6806 14.6653 14.6673 11.6787 14.6673 7.99868C14.6673 4.31869 11.6806 1.33203 8.00064 1.33203ZM8.66731 11.332H7.33398V7.33202H8.66731V11.332ZM8.66731 5.99869H7.33398V4.66536H8.66731V5.99869Z"
        fill="black"
        fillOpacity="0.2"
      />
    </svg>
  </div>
  <div
    className="popperContainer"
  >
    <div
      className="contentBox hidden noTransition"
      style={
        Object {
          "left": 0,
          "opacity": 0,
          "pointerEvents": "none",
          "position": "absolute",
          "top": 0,
        }
      }
    >
      <div
        className="Footnote Theinhardt Regular400"
      >
        Test details
      </div>
      <div
        className="arrow"
        style={Object {}}
      />
    </div>
  </div>
</div>
`;
