// Jest Snapshot v1, https://goo.gl/fbAQLP

exports[`Header renders defaults 1`] = `
<header
  className="Header"
>
  <nav
    className="Navbar"
  >
    <div
      className="Left"
    />
    <div
      className="Right"
    />
  </nav>
</header>
`;
