// Jest Snapshot v1, https://goo.gl/fbAQLP

exports[`ZipInput default rendering 1`] = `
Array [
  <label
    className="Caption Theinhardt Medium500 GrayPrimary AllCaps"
    htmlFor="le-zip"
  >
    What is your zip code?
  </label>,
  <div
    className="Spacer"
    style={
      Object {
        "height": 8,
      }
    }
  />,
  <input
    className="TextMaskedInput TextInput"
    data-tid="le-zip"
    disabled={false}
    guide={true}
    keepCharPositions={true}
    mask={
      Array [
        /\\\\d/,
        /\\\\d/,
        /\\\\d/,
        /\\\\d/,
        /\\\\d/,
      ]
    }
    name="le-zip"
    onBlur={[Function]}
    onChange={[Function]}
    onPaste={[Function]}
    placeholder=""
    type="tel"
    value=""
  />,
  "",
  "",
]
`;
